// Jest Snapshot v1, https://goo.gl/fbAQLP

exports[`App snapshot should match 1`] = `
<DocumentFragment>
  <div
    class="container"
  >
    <section
      class="header"
    >
      <div
        class="header__dropdown"
      >
        <div
          class="MuiPaper-root MuiAccordion-root accordion MuiAccordion-rounded MuiPaper-elevation1 MuiPaper-rounded"
        >
          <div
            aria-controls="panel1a-content"
            aria-disabled="false"
            aria-expanded="false"
            class="MuiButtonBase-root MuiAccordionSummary-root"
            id="panel1a-header"
            role="button"
            tabindex="0"
          >
            <div
              class="MuiAccordionSummary-content"
            >
              <div
                class="header__dropdown-categories-icon"
              />
              <p
                class="header__dropdown-categories"
              >
                Categories
              </p>
            </div>
            <div
              aria-disabled="false"
              aria-hidden="true"
              class="MuiButtonBase-root MuiIconButton-root MuiAccordionSummary-expandIcon MuiIconButton-edgeEnd"
            >
              <span
                class="MuiIconButton-label"
              >
                <svg
                  aria-hidden="true"
                  class="MuiSvgIcon-root"
                  focusable="false"
                  viewBox="0 0 24 24"
                >
                  <path
                    d="M16.59 8.59L12 13.17 7.41 8.59 6 10l6 6 6-6z"
                  />
                </svg>
              </span>
              <span
                class="MuiTouchRipple-root"
              />
            </div>
          </div>
          <div
            class="MuiCollapse-root MuiCollapse-hidden"
            style="min-height: 0px;"
          >
            <div
              class="MuiCollapse-wrapper"
            >
              <div
                class="MuiCollapse-wrapperInner"
              >
                <div
                  aria-labelledby="panel1a-header"
                  id="panel1a-content"
                  role="region"
                >
                  <div>
                    <div
                      class="MuiAccordionDetails-root"
                    >
                      <a
                        class="header__dropdown-subcategories"
                        href="/anniversary"
                      >
                        Anniversary
                      </a>
                    </div>
                    <div
                      class="MuiAccordionDetails-root"
                    >
                      <a
                        class="header__dropdown-subcategories"
                        href="/friendship"
                      >
                        Friendship
                      </a>
                    </div>
                    <div
                      class="MuiAccordionDetails-root"
                    >
                      <a
                        class="header__dropdown-subcategories"
                        href="/funny"
                      >
                        Funny
                      </a>
                    </div>
                    <div
                      class="MuiAccordionDetails-root"
                    >
                      <a
                        class="header__dropdown-subcategories"
                        href="/haikus"
                      >
                        Haikus
                      </a>
                    </div>
                    <div
                      class="MuiAccordionDetails-root"
                    >
                      <a
                        class="header__dropdown-subcategories"
                        href="/hope"
                      >
                        Hope
                      </a>
                    </div>
                    <div
                      class="MuiAccordionDetails-root"
                    >
                      <a
                        class="header__dropdown-subcategories"
                        href="/life"
                      >
                        Life
                      </a>
                    </div>
                    <div
                      class="MuiAccordionDetails-root"
                    >
                      <a
                        class="header__dropdown-subcategories"
                        href="/love"
                      >
                        Love
                      </a>
                    </div>
                    <div
                      class="MuiAccordionDetails-root"
                    >
                      <a
                        class="header__dropdown-subcategories"
                        href="/sad"
                      >
                        Sad
                      </a>
                    </div>
                  </div>
                  <div
                    class="MuiAccordionDetails-root"
                  >
                    <a
                      class="header__dropdown-subcategories"
                      href="/"
                    >
                      All
                    </a>
                  </div>
                </div>
              </div>
            </div>
          </div>
        </div>
      </div>
      <div
        class="header__logo"
      >
        <a
          class="header__text-logo-first"
          href="/"
        >
          P
        </a>
        <a
          class="header__logo-icon"
          href="/"
        />
        <a
          class="header__text-logo-second"
          href="/"
        >
          emunity
        </a>
      </div>
      <p
        class="list__presentation"
      >
        Your poem community!!!
      </p>
      <div
        class="separator"
      />
      <button
        class="header__login"
      />
    </section>
    <div
      class="margin-body"
    >
      <main
        class="dashboard"
      >
        <div
          class="dashboard__accordion"
        >
          <div
            class="MuiPaper-root MuiAccordion-root accordion MuiAccordion-rounded MuiPaper-elevation1 MuiPaper-rounded"
          >
            <div
              aria-controls="panel1a-content"
              aria-disabled="false"
              aria-expanded="false"
              class="MuiButtonBase-root MuiAccordionSummary-root"
              id="panel1a-header"
              role="button"
              tabindex="0"
            >
              <div
                class="MuiAccordionSummary-content"
              >
                <div
                  class="header__dropdown-categories-icon"
                />
                <p
                  class="header__dropdown-categories"
                >
                  Categories
                </p>
              </div>
              <div
                aria-disabled="false"
                aria-hidden="true"
                class="MuiButtonBase-root MuiIconButton-root MuiAccordionSummary-expandIcon MuiIconButton-edgeEnd"
              >
                <span
                  class="MuiIconButton-label"
                >
                  <svg
                    aria-hidden="true"
                    class="MuiSvgIcon-root"
                    focusable="false"
                    viewBox="0 0 24 24"
                  >
                    <path
                      d="M16.59 8.59L12 13.17 7.41 8.59 6 10l6 6 6-6z"
                    />
                  </svg>
                </span>
                <span
                  class="MuiTouchRipple-root"
                />
              </div>
            </div>
            <div
              class="MuiCollapse-root MuiCollapse-hidden"
              style="min-height: 0px;"
            >
              <div
                class="MuiCollapse-wrapper"
              >
                <div
                  class="MuiCollapse-wrapperInner"
                >
                  <div
                    aria-labelledby="panel1a-header"
                    id="panel1a-content"
                    role="region"
                  >
                    <div>
                      <div
                        class="MuiAccordionDetails-root"
                      >
                        <a
                          class="header__dropdown-subcategories"
                          href="/anniversary"
                        >
                          Anniversary
                        </a>
                      </div>
                      <div
                        class="MuiAccordionDetails-root"
                      >
                        <a
                          class="header__dropdown-subcategories"
                          href="/friendship"
                        >
                          Friendship
                        </a>
                      </div>
                      <div
                        class="MuiAccordionDetails-root"
                      >
                        <a
                          class="header__dropdown-subcategories"
                          href="/funny"
                        >
                          Funny
                        </a>
                      </div>
                      <div
                        class="MuiAccordionDetails-root"
                      >
                        <a
                          class="header__dropdown-subcategories"
                          href="/haikus"
                        >
                          Haikus
                        </a>
                      </div>
                      <div
                        class="MuiAccordionDetails-root"
                      >
                        <a
                          class="header__dropdown-subcategories"
                          href="/hope"
                        >
                          Hope
                        </a>
                      </div>
                      <div
                        class="MuiAccordionDetails-root"
                      >
                        <a
                          class="header__dropdown-subcategories"
                          href="/life"
                        >
                          Life
                        </a>
                      </div>
                      <div
                        class="MuiAccordionDetails-root"
                      >
                        <a
                          class="header__dropdown-subcategories"
                          href="/love"
                        >
                          Love
                        </a>
                      </div>
                      <div
                        class="MuiAccordionDetails-root"
                      >
                        <a
                          class="header__dropdown-subcategories"
                          href="/sad"
                        >
                          Sad
                        </a>
                      </div>
                    </div>
                    <div
                      class="MuiAccordionDetails-root"
                    >
                      <a
                        class="header__dropdown-subcategories"
                        href="/"
                      >
                        All
                      </a>
                    </div>
                  </div>
                </div>
              </div>
            </div>
          </div>
        </div>
        <div
          class="dashboard__list"
        >
          <div
            class="makeStyles-root-2"
          >
            <div
              class="MuiCircularProgress-root MuiCircularProgress-colorSecondary MuiCircularProgress-indeterminate"
              role="progressbar"
              style="width: 40px; height: 40px;"
            >
              <svg
                class="MuiCircularProgress-svg"
                viewBox="22 22 44 44"
              >
                <circle
                  class="MuiCircularProgress-circle MuiCircularProgress-circleIndeterminate"
                  cx="44"
                  cy="44"
                  fill="none"
                  r="20.2"
                  stroke-width="3.6"
                />
              </svg>
            </div>
          </div>
        </div>
        <div
          class="dashboard__ranking"
        >
          <div
            class="makeStyles-root-2"
          >
            <div
              class="MuiCircularProgress-root MuiCircularProgress-colorSecondary MuiCircularProgress-indeterminate"
              role="progressbar"
              style="width: 40px; height: 40px;"
            >
              <svg
                class="MuiCircularProgress-svg"
                viewBox="22 22 44 44"
              >
                <circle
                  class="MuiCircularProgress-circle MuiCircularProgress-circleIndeterminate"
                  cx="44"
                  cy="44"
                  fill="none"
                  r="20.2"
                  stroke-width="3.6"
                />
              </svg>
            </div>
          </div>
        </div>
      </main>
    </div>
  </div>
</DocumentFragment>
`;
