// Jest Snapshot v1, https://goo.gl/fbAQLP

exports[`Ranking should match without id 1`] = `
<main
  className="ranking"
>
  <h3
    className="ranking__title"
  >
    Poets ranking
  </h3>
  <h5
    className="ranking__subtitle"
  >
    3 points per poem, 1 per like
  </h5>
  <div
    className="MuiPaper-root MuiTableContainer-root ranking__body MuiPaper-elevation1 MuiPaper-rounded"
  >
    <table
      aria-label="simple table"
      className="MuiTable-root makeStyles-table-1"
      role={null}
    >
      <thead
        className="MuiTableHead-root"
        role={null}
      >
        <tr
          className="MuiTableRow-root MuiTableRow-head"
          role={null}
        >
          <th
            aria-sort={null}
            className="MuiTableCell-root MuiTableCell-head MuiTableCell-alignCenter"
            scope="col"
          >
            Poets
          </th>
          <th
            aria-sort={null}
            className="MuiTableCell-root MuiTableCell-head MuiTableCell-alignCenter"
            scope="col"
          >
            Points
          </th>
        </tr>
      </thead>
      <tbody
        className="MuiTableBody-root"
        role={null}
      />
    </table>
  </div>
</main>
`;
