// Jest Snapshot v1, https://goo.gl/fbAQLP

exports[`Profile should match without id 1`] = `
<main
  className="profile__main"
/>
`;
